// Jest Snapshot v1, https://goo.gl/fbAQLP

exports[`<NewsItem/> SnapShot creation 1`] = `
<div
  className="my-3"
>
  <div
    className="card"
  >
    <div
      style={
        Object {
          "display": "flex",
          "justifyContent": "flex-end",
          "position": "absolute",
          "right": "0",
        }
      }
    >
      <span
        className="badge rounded-pill bg-danger"
      />
    </div>
    <img
      alt="..."
      className="card-img-top"
      height="200"
      width="200"
    />
    <div
      className="card-body"
      style={
        Object {
          "backgroundColor": null,
        }
      }
    >
      <h5
        className="card-title"
        style={
          Object {
            "color": null,
          }
        }
      >
        top headlines
      </h5>
      <p
        className="card-text"
        style={
          Object {
            "color": null,
          }
        }
      />
      <a
        className="btn btn-sm btn-outline-dark"
        rel="noreferrer"
        target="_blank"
      >
        Read More...
      </a>
    </div>
  </div>
</div>
`;
