// Jest Snapshot v1, https://goo.gl/fbAQLP

exports[`<Spinner/> SnapShot creation 1`] = `
<div
  className="text-center my-3"
>
  <img
    alt="spinnerLoader"
    src=""
  />
</div>
`;
